SELECT addone(5);
 addone 
--------
      6
(1 row)

